==2446845== Memcheck, a memory error detector
==2446845== Copyright (C) 2002-2024, and GNU GPL'd, by Julian Seward et al.
==2446845== Using Valgrind-3.26.0 and LibVEX; rerun with -h for copyright info
==2446845== Command: ./build/vm
==2446845== 
JS++ functions/closures VM passed
==2446845== 
==2446845== HEAP SUMMARY:
==2446845==     in use at exit: 1,600 bytes in 8 blocks
==2446845==   total heap usage: 5,251 allocs, 5,243 frees, 695,188 bytes allocated
==2446845== 
==2446845== 88 bytes in 1 blocks are indirectly lost in loss record 1 of 8
==2446845==    at 0x48ADFD3: operator new(unsigned long) (vg_replace_malloc.c:488)
==2446845==    by 0x4026829: jspp::(anonymous namespace)::Compiler::expr(jspp::Expr const&) (in /home/nick/Repositories/tscc/js/build/vm)
==2446845==    by 0x402AE81: jspp::(anonymous namespace)::Compiler::stmt_impl(jspp::Statement const&) (in /home/nick/Repositories/tscc/js/build/vm)
==2446845==    by 0x402C12F: jspp::compile(jspp::Program const&, jspp::Bytecode&, std::__cxx11::basic_string<char, std::char_traits<char>, std::allocator<char> >&) (in /home/nick/Repositories/tscc/js/build/vm)
==2446845==    by 0x400A75D: main (in /home/nick/Repositories/tscc/js/build/vm)
==2446845== 
==2446845== 104 bytes in 1 blocks are indirectly lost in loss record 2 of 8
==2446845==    at 0x48ADFD3: operator new(unsigned long) (vg_replace_malloc.c:488)
==2446845==    by 0x401C0F6: std::_Hashtable<std::__cxx11::basic_string<char, std::char_traits<char>, std::allocator<char> >, std::pair<std::__cxx11::basic_string<char, std::char_traits<char>, std::allocator<char> > const, jspp::Binding>, std::allocator<std::pair<std::__cxx11::basic_string<char, std::char_traits<char>, std::allocator<char> > const, jspp::Binding> >, std::__detail::_Select1st, std::equal_to<std::__cxx11::basic_string<char, std::char_traits<char>, std::allocator<char> > >, std::hash<std::__cxx11::basic_string<char, std::char_traits<char>, std::allocator<char> > >, std::__detail::_Mod_range_hashing, std::__detail::_Default_ranged_hash, std::__detail::_Prime_rehash_policy, std::__detail::_Hashtable_traits<true, false, true> >::_M_insert_unique_node(unsigned long, unsigned long, std::__detail::_Hash_node<std::pair<std::__cxx11::basic_string<char, std::char_traits<char>, std::allocator<char> > const, jspp::Binding>, true>*, unsigned long) (in /home/nick/Repositories/tscc/js/build/vm)
==2446845==    by 0x401C4F3: std::__detail::_Map_base<std::__cxx11::basic_string<char, std::char_traits<char>, std::allocator<char> >, std::pair<std::__cxx11::basic_string<char, std::char_traits<char>, std::allocator<char> > const, jspp::Binding>, std::allocator<std::pair<std::__cxx11::basic_string<char, std::char_traits<char>, std::allocator<char> > const, jspp::Binding> >, std::__detail::_Select1st, std::equal_to<std::__cxx11::basic_string<char, std::char_traits<char>, std::allocator<char> > >, std::hash<std::__cxx11::basic_string<char, std::char_traits<char>, std::allocator<char> > >, std::__detail::_Mod_range_hashing, std::__detail::_Default_ranged_hash, std::__detail::_Prime_rehash_policy, std::__detail::_Hashtable_traits<true, false, true>, true>::operator[](std::__cxx11::basic_string<char, std::char_traits<char>, std::allocator<char> > const&) (in /home/nick/Repositories/tscc/js/build/vm)
==2446845==    by 0x403301E: jspp::(anonymous namespace)::run(jspp::Bytecode const&, std::shared_ptr<jspp::Environment>, js_value&, jspp::Completion&, std::__cxx11::basic_string<char, std::char_traits<char>, std::allocator<char> >&, unsigned long&, unsigned long, unsigned long, jspp::Heap&) (in /home/nick/Repositories/tscc/js/build/vm)
==2446845==    by 0x40359A1: jspp::execute_completion(jspp::Bytecode const&, jspp::Completion&, std::__cxx11::basic_string<char, std::char_traits<char>, std::allocator<char> >&, unsigned long, jspp::Heap*, std::shared_ptr<jspp::Environment>, unsigned long) (in /home/nick/Repositories/tscc/js/build/vm)
==2446845==    by 0x400AA6B: main (in /home/nick/Repositories/tscc/js/build/vm)
==2446845== 
==2446845== 112 bytes in 1 blocks are indirectly lost in loss record 3 of 8
==2446845==    at 0x48ADFD3: operator new(unsigned long) (vg_replace_malloc.c:488)
==2446845==    by 0x402697F: jspp::(anonymous namespace)::Compiler::expr(jspp::Expr const&) (in /home/nick/Repositories/tscc/js/build/vm)
==2446845==    by 0x402AE81: jspp::(anonymous namespace)::Compiler::stmt_impl(jspp::Statement const&) (in /home/nick/Repositories/tscc/js/build/vm)
==2446845==    by 0x402C12F: jspp::compile(jspp::Program const&, jspp::Bytecode&, std::__cxx11::basic_string<char, std::char_traits<char>, std::allocator<char> >&) (in /home/nick/Repositories/tscc/js/build/vm)
==2446845==    by 0x400A75D: main (in /home/nick/Repositories/tscc/js/build/vm)
==2446845== 
==2446845== 144 bytes in 1 blocks are indirectly lost in loss record 4 of 8
==2446845==    at 0x48ADFD3: operator new(unsigned long) (vg_replace_malloc.c:488)
==2446845==    by 0x403E2BF: jspp::Heap::object() (in /home/nick/Repositories/tscc/js/build/vm)
==2446845==    by 0x4032DA4: jspp::(anonymous namespace)::run(jspp::Bytecode const&, std::shared_ptr<jspp::Environment>, js_value&, jspp::Completion&, std::__cxx11::basic_string<char, std::char_traits<char>, std::allocator<char> >&, unsigned long&, unsigned long, unsigned long, jspp::Heap&) (in /home/nick/Repositories/tscc/js/build/vm)
==2446845==    by 0x40359A1: jspp::execute_completion(jspp::Bytecode const&, jspp::Completion&, std::__cxx11::basic_string<char, std::char_traits<char>, std::allocator<char> >&, unsigned long, jspp::Heap*, std::shared_ptr<jspp::Environment>, unsigned long) (in /home/nick/Repositories/tscc/js/build/vm)
==2446845==    by 0x400AA6B: main (in /home/nick/Repositories/tscc/js/build/vm)
==2446845== 
==2446845== 152 bytes in 1 blocks are indirectly lost in loss record 5 of 8
==2446845==    at 0x48ADFD3: operator new(unsigned long) (vg_replace_malloc.c:488)
==2446845==    by 0x401C49D: std::__detail::_Map_base<std::__cxx11::basic_string<char, std::char_traits<char>, std::allocator<char> >, std::pair<std::__cxx11::basic_string<char, std::char_traits<char>, std::allocator<char> > const, jspp::Binding>, std::allocator<std::pair<std::__cxx11::basic_string<char, std::char_traits<char>, std::allocator<char> > const, jspp::Binding> >, std::__detail::_Select1st, std::equal_to<std::__cxx11::basic_string<char, std::char_traits<char>, std::allocator<char> > >, std::hash<std::__cxx11::basic_string<char, std::char_traits<char>, std::allocator<char> > >, std::__detail::_Mod_range_hashing, std::__detail::_Default_ranged_hash, std::__detail::_Prime_rehash_policy, std::__detail::_Hashtable_traits<true, false, true>, true>::operator[](std::__cxx11::basic_string<char, std::char_traits<char>, std::allocator<char> > const&) (in /home/nick/Repositories/tscc/js/build/vm)
==2446845==    by 0x403301E: jspp::(anonymous namespace)::run(jspp::Bytecode const&, std::shared_ptr<jspp::Environment>, js_value&, jspp::Completion&, std::__cxx11::basic_string<char, std::char_traits<char>, std::allocator<char> >&, unsigned long&, unsigned long, unsigned long, jspp::Heap&) (in /home/nick/Repositories/tscc/js/build/vm)
==2446845==    by 0x40359A1: jspp::execute_completion(jspp::Bytecode const&, jspp::Completion&, std::__cxx11::basic_string<char, std::char_traits<char>, std::allocator<char> >&, unsigned long, jspp::Heap*, std::shared_ptr<jspp::Environment>, unsigned long) (in /home/nick/Repositories/tscc/js/build/vm)
==2446845==    by 0x400AA6B: main (in /home/nick/Repositories/tscc/js/build/vm)
==2446845== 
==2446845== 272 bytes in 1 blocks are indirectly lost in loss record 6 of 8
==2446845==    at 0x48ADFD3: operator new(unsigned long) (vg_replace_malloc.c:488)
==2446845==    by 0x403E09F: jspp::Heap::function() (in /home/nick/Repositories/tscc/js/build/vm)
==2446845==    by 0x4032CE1: jspp::(anonymous namespace)::run(jspp::Bytecode const&, std::shared_ptr<jspp::Environment>, js_value&, jspp::Completion&, std::__cxx11::basic_string<char, std::char_traits<char>, std::allocator<char> >&, unsigned long&, unsigned long, unsigned long, jspp::Heap&) (in /home/nick/Repositories/tscc/js/build/vm)
==2446845==    by 0x40359A1: jspp::execute_completion(jspp::Bytecode const&, jspp::Completion&, std::__cxx11::basic_string<char, std::char_traits<char>, std::allocator<char> >&, unsigned long, jspp::Heap*, std::shared_ptr<jspp::Environment>, unsigned long) (in /home/nick/Repositories/tscc/js/build/vm)
==2446845==    by 0x400AA6B: main (in /home/nick/Repositories/tscc/js/build/vm)
==2446845== 
==2446845== 640 bytes in 1 blocks are indirectly lost in loss record 7 of 8
==2446845==    at 0x48ADFD3: operator new(unsigned long) (vg_replace_malloc.c:488)
==2446845==    by 0x401086C: void std::vector<jspp::Instruction, std::allocator<jspp::Instruction> >::_M_realloc_append<jspp::Instruction>(jspp::Instruction&&) (in /home/nick/Repositories/tscc/js/build/vm)
==2446845==    by 0x4027F3A: jspp::(anonymous namespace)::Compiler::expr(jspp::Expr const&) (in /home/nick/Repositories/tscc/js/build/vm)
==2446845==    by 0x402AE81: jspp::(anonymous namespace)::Compiler::stmt_impl(jspp::Statement const&) (in /home/nick/Repositories/tscc/js/build/vm)
==2446845==    by 0x402C12F: jspp::compile(jspp::Program const&, jspp::Bytecode&, std::__cxx11::basic_string<char, std::char_traits<char>, std::allocator<char> >&) (in /home/nick/Repositories/tscc/js/build/vm)
==2446845==    by 0x400A75D: main (in /home/nick/Repositories/tscc/js/build/vm)
==2446845== 
==2446845== 1,600 (88 direct, 1,512 indirect) bytes in 1 blocks are definitely lost in loss record 8 of 8
==2446845==    at 0x48ADFD3: operator new(unsigned long) (vg_replace_malloc.c:488)
==2446845==    by 0x403DE8F: jspp::Heap::environment() (in /home/nick/Repositories/tscc/js/build/vm)
==2446845==    by 0x4035F45: jspp::execute_completion(jspp::Bytecode const&, jspp::Completion&, std::__cxx11::basic_string<char, std::char_traits<char>, std::allocator<char> >&, unsigned long, jspp::Heap*, std::shared_ptr<jspp::Environment>, unsigned long) (in /home/nick/Repositories/tscc/js/build/vm)
==2446845==    by 0x400AA6B: main (in /home/nick/Repositories/tscc/js/build/vm)
==2446845== 
==2446845== LEAK SUMMARY:
==2446845==    definitely lost: 88 bytes in 1 blocks
==2446845==    indirectly lost: 1,512 bytes in 7 blocks
==2446845==      possibly lost: 0 bytes in 0 blocks
==2446845==    still reachable: 0 bytes in 0 blocks
==2446845==         suppressed: 0 bytes in 0 blocks
==2446845== 
==2446845== For lists of detected and suppressed errors, rerun with: -s
==2446845== ERROR SUMMARY: 8 errors from 8 contexts (suppressed: 0 from 0)
